17:31:06 **** Incremental Build of configuration Debug for project 1.6MHz_pwmsignal ****
Info: Internal Builder is used for build
arm-atollic-eabi-gcc -c -mthumb -mcpu=cortex-m3 -std=gnu11 -DUSE_HAL_DRIVER -DSTM32F103xB -I../../../Inc -I../../../Drivers/STM32F1xx_HAL_Driver/Inc -I../../../Drivers/STM32F1xx_HAL_Driver/Inc/Legacy -I../../../Drivers/CMSIS/Device/ST/STM32F1xx/Include -I../../../Drivers/CMSIS/Include -ffunction-sections -fdata-sections -g -fstack-usage -Wall -specs=nano.specs -o Application\User\main.o ..\..\..\Src\main.c 
arm-atollic-eabi-gcc -o 1.6MHz_pwmsignal.elf Application\TrueSTUDIO\startup_stm32f103xb.o Application\TrueSTUDIO\syscalls.o Application\User\main.o Application\User\stm32f1xx_hal_msp.o Application\User\stm32f1xx_it.o Drivers\CMSIS\system_stm32f1xx.o Drivers\STM32F1xx_HAL_Driver\stm32f1xx_hal.o Drivers\STM32F1xx_HAL_Driver\stm32f1xx_hal_cortex.o Drivers\STM32F1xx_HAL_Driver\stm32f1xx_hal_dma.o Drivers\STM32F1xx_HAL_Driver\stm32f1xx_hal_exti.o Drivers\STM32F1xx_HAL_Driver\stm32f1xx_hal_flash.o Drivers\STM32F1xx_HAL_Driver\stm32f1xx_hal_flash_ex.o Drivers\STM32F1xx_HAL_Driver\stm32f1xx_hal_gpio.o Drivers\STM32F1xx_HAL_Driver\stm32f1xx_hal_gpio_ex.o Drivers\STM32F1xx_HAL_Driver\stm32f1xx_hal_pwr.o Drivers\STM32F1xx_HAL_Driver\stm32f1xx_hal_rcc.o Drivers\STM32F1xx_HAL_Driver\stm32f1xx_hal_rcc_ex.o Drivers\STM32F1xx_HAL_Driver\stm32f1xx_hal_tim.o Drivers\STM32F1xx_HAL_Driver\stm32f1xx_hal_tim_ex.o -mthumb -mcpu=cortex-m3 -T../STM32F103C8_FLASH.ld -specs=nosys.specs -static -Wl,-Map=1.6MHz_pwmsignal.map -Wl,--gc-sections -Wl,--defsym=malloc_getpagesize_P=0x80 -Wl,--start-group -lc -lm -Wl,--end-group -specs=nano.specs 
C:\Program Files (x86)\Atollic\TrueSTUDIO for STM32 9.3.0\ide\jre\bin\java -jar C:\Program Files (x86)\Atollic\TrueSTUDIO for STM32 9.3.0\Tools\arm-atollic-reports.jar sizeinfo list 1.6MHz_pwmsignal.elf 
Generate build reports...
Print size information
   text	   data	    bss	    dec	    hex	filename
   7024	     20	   1640	   8684	   21ec	1.6MHz_pwmsignal.elf
Print size information done
Generate listing file
Output sent to: 1.6MHz_pwmsignal.list
Generate listing file done
Generate build reports done
arm-atollic-eabi-objcopy.exe -O ihex 1.6MHz_pwmsignal.elf 1.6MHz_pwmsignal.hex 
Info: Parallel threads used: 1

17:31:09 Build Finished (took 3s.151ms)

