19:59:07 **** Incremental Build of configuration Debug for project 1MHz_Deneme ****
Info: Internal Builder is used for build
arm-atollic-eabi-objcopy.exe -O ihex 1MHz_Deneme.elf 1MHz_Deneme.hex 
Info: Parallel threads used: 0
19:59:09 **** Incremental Build of configuration Debug for project 1MHz_Deneme ****
Info: Internal Builder is used for build
Info: Parallel threads used: 0
14:35:53 **** Incremental Build of configuration Debug for project PWM_50Hz_Deneme ****
Info: Internal Builder is used for build
arm-atollic-eabi-objcopy.exe -O ihex PWM_50Hz_Deneme.elf PWM_50Hz_Deneme.hex 
Info: Parallel threads used: 0
14:46:52 **** Rebuild of configuration Debug for project 1MHz_Deneme ****
Info: Internal Builder is used for build
arm-atollic-eabi-gcc -c -mthumb -mcpu=cortex-m3 -std=gnu11 -DUSE_HAL_DRIVER -DSTM32F103xB -I../../../Inc -I../../../Drivers/STM32F1xx_HAL_Driver/Inc -I../../../Drivers/STM32F1xx_HAL_Driver/Inc/Legacy -I../../../Drivers/CMSIS/Device/ST/STM32F1xx/Include -I../../../Drivers/CMSIS/Include -ffunction-sections -fdata-sections -g -fstack-usage -Wall -specs=nano.specs -o Application\User\main.o ..\..\..\Src\main.c 
arm-atollic-eabi-gcc -c -mthumb -mcpu=cortex-m3 -std=gnu11 -DUSE_HAL_DRIVER -DSTM32F103xB -I../../../Inc -I../../../Drivers/STM32F1xx_HAL_Driver/Inc -I../../../Drivers/STM32F1xx_HAL_Driver/Inc/Legacy -I../../../Drivers/CMSIS/Device/ST/STM32F1xx/Include -I../../../Drivers/CMSIS/Include -ffunction-sections -fdata-sections -g -fstack-usage -Wall -specs=nano.specs -o Application\User\stm32f1xx_it.o ..\..\..\Src\stm32f1xx_it.c 
arm-atollic-eabi-gcc -c -mthumb -mcpu=cortex-m3 -std=gnu11 -DUSE_HAL_DRIVER -DSTM32F103xB -I../../../Inc -I../../../Drivers/STM32F1xx_HAL_Driver/Inc -I../../../Drivers/STM32F1xx_HAL_Driver/Inc/Legacy -I../../../Drivers/CMSIS/Device/ST/STM32F1xx/Include -I../../../Drivers/CMSIS/Include -ffunction-sections -fdata-sections -g -fstack-usage -Wall -specs=nano.specs -o Drivers\STM32F1xx_HAL_Driver\stm32f1xx_hal_dma.o ..\..\..\Drivers\STM32F1xx_HAL_Driver\Src\stm32f1xx_hal_dma.c 
arm-atollic-eabi-gcc -c -mthumb -mcpu=cortex-m3 -std=gnu11 -DUSE_HAL_DRIVER -DSTM32F103xB -I../../../Inc -I../../../Drivers/STM32F1xx_HAL_Driver/Inc -I../../../Drivers/STM32F1xx_HAL_Driver/Inc/Legacy -I../../../Drivers/CMSIS/Device/ST/STM32F1xx/Include -I../../../Drivers/CMSIS/Include -ffunction-sections -fdata-sections -g -fstack-usage -Wall -specs=nano.specs -o Drivers\STM32F1xx_HAL_Driver\stm32f1xx_hal_gpio_ex.o ..\..\..\Drivers\STM32F1xx_HAL_Driver\Src\stm32f1xx_hal_gpio_ex.c 
arm-atollic-eabi-gcc -c -mthumb -mcpu=cortex-m3 -std=gnu11 -DUSE_HAL_DRIVER -DSTM32F103xB -I../../../Inc -I../../../Drivers/STM32F1xx_HAL_Driver/Inc -I../../../Drivers/STM32F1xx_HAL_Driver/Inc/Legacy -I../../../Drivers/CMSIS/Device/ST/STM32F1xx/Include -I../../../Drivers/CMSIS/Include -ffunction-sections -fdata-sections -g -fstack-usage -Wall -specs=nano.specs -o Drivers\STM32F1xx_HAL_Driver\stm32f1xx_hal_exti.o ..\..\..\Drivers\STM32F1xx_HAL_Driver\Src\stm32f1xx_hal_exti.c 
arm-atollic-eabi-gcc -c -mthumb -mcpu=cortex-m3 -std=gnu11 -DUSE_HAL_DRIVER -DSTM32F103xB -I../../../Inc -I../../../Drivers/STM32F1xx_HAL_Driver/Inc -I../../../Drivers/STM32F1xx_HAL_Driver/Inc/Legacy -I../../../Drivers/CMSIS/Device/ST/STM32F1xx/Include -I../../../Drivers/CMSIS/Include -ffunction-sections -fdata-sections -g -fstack-usage -Wall -specs=nano.specs -o Drivers\STM32F1xx_HAL_Driver\stm32f1xx_hal_tim.o ..\..\..\Drivers\STM32F1xx_HAL_Driver\Src\stm32f1xx_hal_tim.c 
arm-atollic-eabi-gcc -c -mthumb -mcpu=cortex-m3 -std=gnu11 -DUSE_HAL_DRIVER -DSTM32F103xB -I../../../Inc -I../../../Drivers/STM32F1xx_HAL_Driver/Inc -I../../../Drivers/STM32F1xx_HAL_Driver/Inc/Legacy -I../../../Drivers/CMSIS/Device/ST/STM32F1xx/Include -I../../../Drivers/CMSIS/Include -ffunction-sections -fdata-sections -g -fstack-usage -Wall -specs=nano.specs -o Drivers\STM32F1xx_HAL_Driver\stm32f1xx_hal_flash.o ..\..\..\Drivers\STM32F1xx_HAL_Driver\Src\stm32f1xx_hal_flash.c 
arm-atollic-eabi-gcc -c -mthumb -mcpu=cortex-m3 -std=gnu11 -DUSE_HAL_DRIVER -DSTM32F103xB -I../../../Inc -I../../../Drivers/STM32F1xx_HAL_Driver/Inc -I../../../Drivers/STM32F1xx_HAL_Driver/Inc/Legacy -I../../../Drivers/CMSIS/Device/ST/STM32F1xx/Include -I../../../Drivers/CMSIS/Include -ffunction-sections -fdata-sections -g -fstack-usage -Wall -specs=nano.specs -o Drivers\STM32F1xx_HAL_Driver\stm32f1xx_hal_flash_ex.o ..\..\..\Drivers\STM32F1xx_HAL_Driver\Src\stm32f1xx_hal_flash_ex.c 
arm-atollic-eabi-gcc -c -mthumb -mcpu=cortex-m3 -std=gnu11 -DUSE_HAL_DRIVER -DSTM32F103xB -I../../../Inc -I../../../Drivers/STM32F1xx_HAL_Driver/Inc -I../../../Drivers/STM32F1xx_HAL_Driver/Inc/Legacy -I../../../Drivers/CMSIS/Device/ST/STM32F1xx/Include -I../../../Drivers/CMSIS/Include -ffunction-sections -fdata-sections -g -fstack-usage -Wall -specs=nano.specs -o Drivers\STM32F1xx_HAL_Driver\stm32f1xx_hal_rcc.o ..\..\..\Drivers\STM32F1xx_HAL_Driver\Src\stm32f1xx_hal_rcc.c 
arm-atollic-eabi-gcc -c -mthumb -mcpu=cortex-m3 -std=gnu11 -DUSE_HAL_DRIVER -DSTM32F103xB -I../../../Inc -I../../../Drivers/STM32F1xx_HAL_Driver/Inc -I../../../Drivers/STM32F1xx_HAL_Driver/Inc/Legacy -I../../../Drivers/CMSIS/Device/ST/STM32F1xx/Include -I../../../Drivers/CMSIS/Include -ffunction-sections -fdata-sections -g -fstack-usage -Wall -specs=nano.specs -o Drivers\CMSIS\system_stm32f1xx.o ..\..\..\Src\system_stm32f1xx.c 
arm-atollic-eabi-gcc -c -mthumb -mcpu=cortex-m3 -std=gnu11 -DUSE_HAL_DRIVER -DSTM32F103xB -I../../../Inc -I../../../Drivers/STM32F1xx_HAL_Driver/Inc -I../../../Drivers/STM32F1xx_HAL_Driver/Inc/Legacy -I../../../Drivers/CMSIS/Device/ST/STM32F1xx/Include -I../../../Drivers/CMSIS/Include -ffunction-sections -fdata-sections -g -fstack-usage -Wall -specs=nano.specs -o Drivers\STM32F1xx_HAL_Driver\stm32f1xx_hal_gpio.o ..\..\..\Drivers\STM32F1xx_HAL_Driver\Src\stm32f1xx_hal_gpio.c 
arm-atollic-eabi-gcc -c -mthumb -mcpu=cortex-m3 -std=gnu11 -DUSE_HAL_DRIVER -DSTM32F103xB -I../../../Inc -I../../../Drivers/STM32F1xx_HAL_Driver/Inc -I../../../Drivers/STM32F1xx_HAL_Driver/Inc/Legacy -I../../../Drivers/CMSIS/Device/ST/STM32F1xx/Include -I../../../Drivers/CMSIS/Include -ffunction-sections -fdata-sections -g -fstack-usage -Wall -specs=nano.specs -o Drivers\STM32F1xx_HAL_Driver\stm32f1xx_hal.o ..\..\..\Drivers\STM32F1xx_HAL_Driver\Src\stm32f1xx_hal.c 
arm-atollic-eabi-gcc -c -mthumb -mcpu=cortex-m3 -std=gnu11 -DUSE_HAL_DRIVER -DSTM32F103xB -I../../../Inc -I../../../Drivers/STM32F1xx_HAL_Driver/Inc -I../../../Drivers/STM32F1xx_HAL_Driver/Inc/Legacy -I../../../Drivers/CMSIS/Device/ST/STM32F1xx/Include -I../../../Drivers/CMSIS/Include -ffunction-sections -fdata-sections -g -fstack-usage -Wall -specs=nano.specs -o Application\User\stm32f1xx_hal_msp.o ..\..\..\Src\stm32f1xx_hal_msp.c 
arm-atollic-eabi-gcc -c -mthumb -mcpu=cortex-m3 -g -Wa,--no-warn -x assembler-with-cpp -specs=nano.specs -o Application\TrueSTUDIO\startup_stm32f103xb.o ..\..\startup_stm32f103xb.s 
arm-atollic-eabi-gcc -c -mthumb -mcpu=cortex-m3 -std=gnu11 -DUSE_HAL_DRIVER -DSTM32F103xB -I../../../Inc -I../../../Drivers/STM32F1xx_HAL_Driver/Inc -I../../../Drivers/STM32F1xx_HAL_Driver/Inc/Legacy -I../../../Drivers/CMSIS/Device/ST/STM32F1xx/Include -I../../../Drivers/CMSIS/Include -ffunction-sections -fdata-sections -g -fstack-usage -Wall -specs=nano.specs -o Drivers\STM32F1xx_HAL_Driver\stm32f1xx_hal_pwr.o ..\..\..\Drivers\STM32F1xx_HAL_Driver\Src\stm32f1xx_hal_pwr.c 
arm-atollic-eabi-gcc -c -mthumb -mcpu=cortex-m3 -std=gnu11 -DUSE_HAL_DRIVER -DSTM32F103xB -I../../../Inc -I../../../Drivers/STM32F1xx_HAL_Driver/Inc -I../../../Drivers/STM32F1xx_HAL_Driver/Inc/Legacy -I../../../Drivers/CMSIS/Device/ST/STM32F1xx/Include -I../../../Drivers/CMSIS/Include -ffunction-sections -fdata-sections -g -fstack-usage -Wall -specs=nano.specs -o Application\TrueSTUDIO\syscalls.o ..\..\syscalls.c 
arm-atollic-eabi-gcc -c -mthumb -mcpu=cortex-m3 -std=gnu11 -DUSE_HAL_DRIVER -DSTM32F103xB -I../../../Inc -I../../../Drivers/STM32F1xx_HAL_Driver/Inc -I../../../Drivers/STM32F1xx_HAL_Driver/Inc/Legacy -I../../../Drivers/CMSIS/Device/ST/STM32F1xx/Include -I../../../Drivers/CMSIS/Include -ffunction-sections -fdata-sections -g -fstack-usage -Wall -specs=nano.specs -o Drivers\STM32F1xx_HAL_Driver\stm32f1xx_hal_tim_ex.o ..\..\..\Drivers\STM32F1xx_HAL_Driver\Src\stm32f1xx_hal_tim_ex.c 
arm-atollic-eabi-gcc -c -mthumb -mcpu=cortex-m3 -std=gnu11 -DUSE_HAL_DRIVER -DSTM32F103xB -I../../../Inc -I../../../Drivers/STM32F1xx_HAL_Driver/Inc -I../../../Drivers/STM32F1xx_HAL_Driver/Inc/Legacy -I../../../Drivers/CMSIS/Device/ST/STM32F1xx/Include -I../../../Drivers/CMSIS/Include -ffunction-sections -fdata-sections -g -fstack-usage -Wall -specs=nano.specs -o Drivers\STM32F1xx_HAL_Driver\stm32f1xx_hal_cortex.o ..\..\..\Drivers\STM32F1xx_HAL_Driver\Src\stm32f1xx_hal_cortex.c 
arm-atollic-eabi-gcc -c -mthumb -mcpu=cortex-m3 -std=gnu11 -DUSE_HAL_DRIVER -DSTM32F103xB -I../../../Inc -I../../../Drivers/STM32F1xx_HAL_Driver/Inc -I../../../Drivers/STM32F1xx_HAL_Driver/Inc/Legacy -I../../../Drivers/CMSIS/Device/ST/STM32F1xx/Include -I../../../Drivers/CMSIS/Include -ffunction-sections -fdata-sections -g -fstack-usage -Wall -specs=nano.specs -o Drivers\STM32F1xx_HAL_Driver\stm32f1xx_hal_rcc_ex.o ..\..\..\Drivers\STM32F1xx_HAL_Driver\Src\stm32f1xx_hal_rcc_ex.c 
arm-atollic-eabi-gcc -o 1MHz_Deneme.elf Application\TrueSTUDIO\startup_stm32f103xb.o Application\TrueSTUDIO\syscalls.o Application\User\main.o Application\User\stm32f1xx_hal_msp.o Application\User\stm32f1xx_it.o Drivers\CMSIS\system_stm32f1xx.o Drivers\STM32F1xx_HAL_Driver\stm32f1xx_hal.o Drivers\STM32F1xx_HAL_Driver\stm32f1xx_hal_cortex.o Drivers\STM32F1xx_HAL_Driver\stm32f1xx_hal_dma.o Drivers\STM32F1xx_HAL_Driver\stm32f1xx_hal_exti.o Drivers\STM32F1xx_HAL_Driver\stm32f1xx_hal_flash.o Drivers\STM32F1xx_HAL_Driver\stm32f1xx_hal_flash_ex.o Drivers\STM32F1xx_HAL_Driver\stm32f1xx_hal_gpio.o Drivers\STM32F1xx_HAL_Driver\stm32f1xx_hal_gpio_ex.o Drivers\STM32F1xx_HAL_Driver\stm32f1xx_hal_pwr.o Drivers\STM32F1xx_HAL_Driver\stm32f1xx_hal_rcc.o Drivers\STM32F1xx_HAL_Driver\stm32f1xx_hal_rcc_ex.o Drivers\STM32F1xx_HAL_Driver\stm32f1xx_hal_tim.o Drivers\STM32F1xx_HAL_Driver\stm32f1xx_hal_tim_ex.o -mthumb -mcpu=cortex-m3 -T../STM32F103C8_FLASH.ld -specs=nosys.specs -static -Wl,-Map=1MHz_Deneme.map -Wl,--gc-sections -Wl,--defsym=malloc_getpagesize_P=0x80 -Wl,--start-group -lc -lm -Wl,--end-group -specs=nano.specs 
C:\Program Files (x86)\Atollic\TrueSTUDIO for STM32 9.3.0\ide\jre\bin\java -jar C:\Program Files (x86)\Atollic\TrueSTUDIO for STM32 9.3.0\Tools\arm-atollic-reports.jar sizeinfo list 1MHz_Deneme.elf 
Generate build reports...
Print size information
   text	   data	    bss	    dec	    hex	filename
   7424	     20	   1712	   9156	   23c4	1MHz_Deneme.elf
Print size information done
Generate listing file
Output sent to: 1MHz_Deneme.list
Generate listing file done
Generate build reports done
arm-atollic-eabi-objcopy.exe -O ihex 1MHz_Deneme.elf 1MHz_Deneme.hex 
Info: Parallel threads used: 4
